
Hexadecimal

Area                               Addr   Size   Decimal Bytes (Attributes)
--------------------------------   ----   ----   ------- ----- ------------
CABS                               0000   0000 =      0. bytes (ABS,CON,CODE)

      Value  Global
   --------  --------------------------------
  0C:0000    l_BIT_BANK
  0C:0000    l_CABS
  0C:0000    l_CONST
  0C:0000    l_GSINIT1
  0C:0000    l_GSINIT5
  0C:0000    l_IABS
  0C:0000    l_ISEG
  0C:0000    l_OSEG
  0C:0000    l_PSEG
  0C:0000    l_REG_BANK_1
  0C:0000    l_REG_BANK_2
  0C:0000    l_REG_BANK_3
  0C:0000    l_RSEG
  0C:0000    l_XABS
  0C:0000    l_XINIT
  0C:0000    l_XISEG
  0C:0000    l_XSEG
  0C:0000    l__CODE
  0C:0000    s_BSEG
  0C:0000    s_CABS
  0C:0000    s_DSEG
  0C:0000    s_HOME
  0C:0000    s_IABS
  0C:0000    s_ISEG
  0C:0000    s_PSEG
  0C:0000    s_REG_BANK_0
  0C:0000    s_XABS
  0C:0000    s_XABS0
  0C:0000    s_XABS1
  0C:0000    s_XABS2
  0C:0000    s_XABS3
  0C:0000    s_XABS4
  0C:0000    s_XABS5
  0C:0000    s_XABS6
  0C:0000    s_XABS7
  0C:0000    s_XABS8
  0C:0000    s_XABS9
  0C:0000    s_XABSa
  0C:0000    s_XABSb
  0C:0000    s_XABSc
  0C:0000    s_XABSd
  0C:0000    s_XABSe
  0C:0000    s_XISEG
  0C:0000    s_XSEG
  0C:0001    l_BSEG_BYTES
  0C:0003    l_GSFINAL
  0C:0003    l_GSINIT0
  0C:0005    l_BSEG
  0C:0008    l_HOME
  0C:0008    l_REG_BANK_0
  0C:0008    s_GSINIT0
  0C:0008    s_REG_BANK_1
  0C:000A    l_GSINIT2
  0C:000B    s_GSINIT1
  0C:000B    s_GSINIT2
  0C:0010    s_REG_BANK_2
  0C:0015    s_GSINIT3
  0C:0018    s_BIT_BANK
  0C:0018    s_OSEG
  0C:0018    s_REG_BANK_3
  0C:0020    s_BSEG_BYTES
  0C:0020    s__CODE
  0C:0022    l_GSINIT3
  0C:002A    l_GSINIT4
  0C:0037    s_GSINIT4
  0C:0040    s_RSEG
  0C:0040    s_SSEG
  0C:0061    s_GSINIT
  0C:0061    s_GSINIT5
  0C:0068    l_DSEG
  0C:0080    l_XABS0
  0C:0080    l_XABS1
  0C:0080    l_XABS2
  0C:0080    l_XABS3
  0C:0080    l_XABS4
  0C:0080    l_XABS5
  0C:0080    l_XABS6
  0C:0080    l_XABS7
  0C:0080    l_XABS8
  0C:0080    l_XABS9
  0C:0080    l_XABSa
  0C:0080    l_XABSb
  0C:0080    l_XABSc
  0C:0080    l_XABSd
  0C:0080    l_XABSe
  0C:00C0    l_SSEG
  0C:0100    l_IRAM
  0C:03F0    l_CSEG
  0C:1C89    l_GSINIT
  0C:1CEA    s_GSFINAL
  0C:1CED    s_CSEG
  0C:20DD    s_CONST
  0C:20DD    s_XINIT

Hexadecimal

Area                               Addr   Size   Decimal Bytes (Attributes)
--------------------------------   ----   ----   ------- ----- ------------
XABSe                              0000   0080 =    128. bytes (ABS,CON,XDATA)

      Value  Global
   --------  --------------------------------
  0D:1E00    _r2modq

Hexadecimal

Area                               Addr   Size   Decimal Bytes (Attributes)
--------------------------------   ----   ----   ------- ----- ------------
XABSd                              0000   0080 =    128. bytes (ABS,CON,XDATA)

      Value  Global
   --------  --------------------------------
  0D:1D00    _rmodq

Hexadecimal

Area                               Addr   Size   Decimal Bytes (Attributes)
--------------------------------   ----   ----   ------- ----- ------------
XABSc                              0000   0080 =    128. bytes (ABS,CON,XDATA)

      Value  Global
   --------  --------------------------------
  0D:1C00    _r2modp

Hexadecimal

Area                               Addr   Size   Decimal Bytes (Attributes)
--------------------------------   ----   ----   ------- ----- ------------
XABSb                              0000   0080 =    128. bytes (ABS,CON,XDATA)

      Value  Global
   --------  --------------------------------
  0D:1B00    _rmodp

Hexadecimal

Area                               Addr   Size   Decimal Bytes (Attributes)
--------------------------------   ----   ----   ------- ----- ------------
XABSa                              0000   0080 =    128. bytes (ABS,CON,XDATA)

      Value  Global
   --------  --------------------------------
  0D:1A00    _r2modm

Hexadecimal

Area                               Addr   Size   Decimal Bytes (Attributes)
--------------------------------   ----   ----   ------- ----- ------------
XABS9                              0000   0080 =    128. bytes (ABS,CON,XDATA)

      Value  Global
   --------  --------------------------------
  0D:1900    _rmodm

Hexadecimal

Area                               Addr   Size   Decimal Bytes (Attributes)
--------------------------------   ----   ----   ------- ----- ------------
XABS8                              0000   0080 =    128. bytes (ABS,CON,XDATA)

      Value  Global
   --------  --------------------------------
  0D:1800    _garnerConstant

Hexadecimal

Area                               Addr   Size   Decimal Bytes (Attributes)
--------------------------------   ----   ----   ------- ----- ------------
XABS7                              0000   0080 =    128. bytes (ABS,CON,XDATA)

      Value  Global
   --------  --------------------------------
  0D:1700    _privateKey_Q

Hexadecimal

Area                               Addr   Size   Decimal Bytes (Attributes)
--------------------------------   ----   ----   ------- ----- ------------
XABS6                              0000   0080 =    128. bytes (ABS,CON,XDATA)

      Value  Global
   --------  --------------------------------
  0D:1600    _privateKey_P

Hexadecimal

Area                               Addr   Size   Decimal Bytes (Attributes)
--------------------------------   ----   ----   ------- ----- ------------
XABS5                              0000   0080 =    128. bytes (ABS,CON,XDATA)

      Value  Global
   --------  --------------------------------
  0D:1500    _privateKey

Hexadecimal

Area                               Addr   Size   Decimal Bytes (Attributes)
--------------------------------   ----   ----   ------- ----- ------------
XABS4                              0000   0080 =    128. bytes (ABS,CON,XDATA)

      Value  Global
   --------  --------------------------------
  0D:1400    _publicKey

Hexadecimal

Area                               Addr   Size   Decimal Bytes (Attributes)
--------------------------------   ----   ----   ------- ----- ------------
XABS3                              0000   0080 =    128. bytes (ABS,CON,XDATA)

      Value  Global
   --------  --------------------------------
  0D:1300    _message

Hexadecimal

Area                               Addr   Size   Decimal Bytes (Attributes)
--------------------------------   ----   ----   ------- ----- ------------
XABS2                              0000   0080 =    128. bytes (ABS,CON,XDATA)

      Value  Global
   --------  --------------------------------
  0D:1200    _q

Hexadecimal

Area                               Addr   Size   Decimal Bytes (Attributes)
--------------------------------   ----   ----   ------- ----- ------------
XABS1                              0000   0080 =    128. bytes (ABS,CON,XDATA)

      Value  Global
   --------  --------------------------------
  0D:1100    _p

Hexadecimal

Area                               Addr   Size   Decimal Bytes (Attributes)
--------------------------------   ----   ----   ------- ----- ------------
XABS0                              0000   0080 =    128. bytes (ABS,CON,XDATA)

      Value  Global
   --------  --------------------------------
  0D:1000    _modulus



Hexadecimal

Area                               Addr   Size   Decimal Bytes (Attributes)
--------------------------------   ----   ----   ------- ----- ------------
.  .ABS.                           0000   0000 =      0. bytes (ABS,CON)

      Value  Global
   --------  --------------------------------
     0080    _P0
     0080    _P0_0
     0081    _P0_1
     0081    _SP
     0082    _DPL
     0082    _P0_2
     0083    _DPH
     0083    _P0_3
     0084    _P0_4
     0085    _P0_5
     0086    _P0_6
     0087    _P0_7
     0087    _PCON
     0088    _IT0
     0088    _TCON
     0089    _IE0
     0089    _TMOD
     008A    _IT1
     008A    _TL0
     008B    _IE1
     008B    _TL1
     008C    _TH0
     008C    _TR0
     008D    _TF0
     008D    _TH1
     008E    _TR1
     008F    _TF1
     0090    _P1
     0090    _P1_0
     0091    _P1_1
     0092    _P1_2
     0093    _P1_3
     0094    _P1_4
     0095    _P1_5
     0096    _P1_6
     0097    _P1_7
     0098    _RI
     0098    _SCON
     0099    _SBUF
     0099    _TI
     009A    _RB8
     009B    _TB8
     009C    _REN
     009D    _SM2
     009E    _SM1
     009F    _SM0
     00A0    _P2
     00A0    _P2_0
     00A0    __XPAGE
     00A1    _P2_1
     00A2    _P2_2
     00A3    _P2_3
     00A4    _P2_4
     00A5    _P2_5
     00A6    _P2_6
     00A7    _P2_7
     00A8    _EX0
     00A8    _IE
     00A9    _ET0
     00AA    _EX1
     00AB    _ET1
     00AC    _ES
     00AF    _EA
     00B0    _P3
     00B0    _P3_0
     00B0    _RXD
     00B1    _P3_1
     00B1    _TXD
     00B2    _INT0
     00B2    _P3_2
     00B3    _INT1
     00B3    _P3_3
     00B4    _P3_4
     00B4    _T0
     00B5    _P3_5
     00B5    _T1
     00B6    _P3_6
     00B6    _WR
     00B7    _P3_7
     00B7    _RD
     00B8    _IP
     00B8    _PX0
     00B9    _PT0
     00BA    _PX1
     00BB    _PT1
     00BC    _PS
     00D0    _P
     00D0    _PSW
     00D1    _F1
     00D2    _OV
     00D3    _RS0
     00D4    _RS1
     00D5    _F0
     00D6    _AC
     00D7    _CY
     00E0    _ACC
     00F0    _B
     00F5    _B_5
     00F6    _B_6
     00F7    _B_7
     2000    _encryptedMessage
     2100    _decryptedMessage







Hexadecimal

Area                               Addr   Size   Decimal Bits  (Attributes)
--------------------------------   ----   ----   ------- ----- ------------
BSEG                               0000   0005 =      5. bits  (REL,CON,BIT)

      Value  Global
   --------  --------------------------------
  0B:0000    _mpAdd_Single_PARM_3
  0B:0001    _mpSubtract_Single_PARM_3
  0B:0002    _montMultiply_Single_PARM_3
  0B:0003    _montMultiply_Both_PARM_4
  0B:0004    _montMultiply_Result_PARM_2


Hexadecimal

Area                               Addr   Size   Decimal Bytes (Attributes)
--------------------------------   ----   ----   ------- ----- ------------
DSEG                               0000   0068 =    104. bytes (REL,CON)

      Value  Global
   --------  --------------------------------
     0021    _mpAdd_Single_PARM_2
     0022    _mpSubtract_Single_PARM_2
     0023    _montMultiply_Single_PARM_2
     0024    _montMultiply_Both_PARM_2
     0025    _montMultiply_Both_PARM_3
     0026    _montModExp_PARM_2
     0027    _montModExp_PARM_3
     002A    _montModExp_PARM_4
     002B    _montModExp_PARM_5
     002C    _montModExp_PARM_6
     0031    _crtModExp_PARM_2
     0032    _crtModExp_PARM_3
     0035    _crtModExp_PARM_4
     0038    _crtModExp_PARM_5
     0039    _crtModExp_PARM_6
     003A    _crtModExp_PARM_7
     003B    _crtModExp_PARM_8
     003C    _crtModExp_PARM_9
     003D    _crtModExp_PARM_10
     003E    _crtModExp_PARM_11
     003F    _crtModExp_PARM_12



Hexadecimal

Area                               Addr   Size   Decimal Bytes (Attributes)
--------------------------------   ----   ----   ------- ----- ------------
SSEG                               0040   00C0 =    192. bytes (REL,OVR)

      Value  Global
   --------  --------------------------------
     0040    __start__stack





Hexadecimal

Area                               Addr   Size   Decimal Bytes (Attributes)
--------------------------------   ----   ----   ------- ----- ------------
HOME                               0000   0008 =      8. bytes (REL,CON,CODE)

      Value  Global
   --------  --------------------------------
  0C:0003    __sdcc_program_startup

Hexadecimal

Area                               Addr   Size   Decimal Bytes (Attributes)
--------------------------------   ----   ----   ------- ----- ------------
GSINIT0                            0008   0003 =      3. bytes (REL,CON,CODE)

      Value  Global
   --------  --------------------------------
  0C:0008    __sdcc_gsinit_startup



Hexadecimal

Area                               Addr   Size   Decimal Bytes (Attributes)
--------------------------------   ----   ----   ------- ----- ------------
GSINIT3                            0015   0022 =     34. bytes (REL,CON,CODE)

      Value  Global
   --------  --------------------------------
  0C:0015    __mcs51_genXINIT

Hexadecimal

Area                               Addr   Size   Decimal Bytes (Attributes)
--------------------------------   ----   ----   ------- ----- ------------
GSINIT4                            0037   002A =     42. bytes (REL,CON,CODE)

      Value  Global
   --------  --------------------------------
  0C:0037    __mcs51_genRAMCLEAR
  0C:003D    __mcs51_genXRAMCLEAR




Hexadecimal

Area                               Addr   Size   Decimal Bytes (Attributes)
--------------------------------   ----   ----   ------- ----- ------------
CSEG                               1CED   03F0 =   1008. bytes (REL,CON,CODE)

      Value  Global
   --------  --------------------------------
  0C:1CED    _main
  0C:1D30    _mpAdd_Single
  0C:1D4B    _mpSubtract_Single
  0C:1D66    _montMultiply_Single
  0C:1D81    _montMultiply_Both
  0C:1D9F    _montMultiply_Result
  0C:1DB7    _montModExp
  0C:1F59    _crtModExp
  0C:1FE5    __displayCycles
  0C:1FEC    __displayResult
  0C:1FF3    __writeModulus
  0C:200F    __writeA_Mem
  0C:202B    __writeA_Reg
  0C:2039    __writeB_Mem
  0C:2055    __writeB_Reg
  0C:2063    __writeResult
  0C:207F    __readResult
  0C:209B    __mul_montgomery
  0C:20A5    __adder_add
  0C:20AF    __adder_subtract
  0C:20B9    __terminate
  0C:20BD    __gptrget
  0C:20D9    __sdcc_external_startup


ASxxxx Linker V01.75 + NoICE + SDCC Feb 1999,  page 1.

Files Linked      [ module(s) ]

main.rel        

Libraries Linked            [   object  file   ]

/usr/share/sdcc/lib/small/mcs51.lib    [     crtclear.rel ]
/usr/share/sdcc/lib/small/mcs51.lib    [     crtxinit.rel ]
/usr/share/sdcc/lib/small/mcs51.lib    [    crtxclear.rel ]
/usr/share/sdcc/lib/small/mcs51.lib    [   crtpagesfr.rel ]
/usr/share/sdcc/lib/small/mcs51.lib    [     crtstart.rel ]
/usr/share/sdcc/lib/small/libsdcc.lib    [     _gptrget.rel ]
/usr/share/sdcc/lib/small/libsdcc.lib    [     _startup.rel ]

ASxxxx Linker V01.75 + NoICE + SDCC Feb 1999,  page 2.

User Base Address Definitions

HOME = 0x0000
ISEG = 0x0000
BSEG = 0x0000

