
Hexadecimal

Area                               Addr   Size   Decimal Bytes (Attributes)
--------------------------------   ----   ----   ------- ----- ------------
CABS                               0000   0000 =      0. bytes (ABS,CON,CODE)

      Value  Global
   --------  --------------------------------
  0C:0000    l_BIT_BANK
  0C:0000    l_CABS
  0C:0000    l_CONST
  0C:0000    l_GSINIT1
  0C:0000    l_GSINIT5
  0C:0000    l_IABS
  0C:0000    l_ISEG
  0C:0000    l_PSEG
  0C:0000    l_REG_BANK_1
  0C:0000    l_REG_BANK_2
  0C:0000    l_REG_BANK_3
  0C:0000    l_RSEG
  0C:0000    l_XABS
  0C:0000    l_XINIT
  0C:0000    l_XISEG
  0C:0000    l_XSEG
  0C:0000    l__CODE
  0C:0000    s_BSEG
  0C:0000    s_CABS
  0C:0000    s_DSEG
  0C:0000    s_HOME
  0C:0000    s_IABS
  0C:0000    s_ISEG
  0C:0000    s_PSEG
  0C:0000    s_REG_BANK_0
  0C:0000    s_XABS
  0C:0000    s_XABS0
  0C:0000    s_XABS1
  0C:0000    s_XABS2
  0C:0000    s_XABS3
  0C:0000    s_XABS4
  0C:0000    s_XABS5
  0C:0000    s_XABS6
  0C:0000    s_XABS7
  0C:0000    s_XABS8
  0C:0000    s_XABS9
  0C:0000    s_XABSa
  0C:0000    s_XISEG
  0C:0000    s_XSEG
  0C:0001    l_BSEG_BYTES
  0C:0003    l_GSFINAL
  0C:0003    l_GSINIT0
  0C:0004    l_OSEG
  0C:0005    l_BSEG
  0C:0008    l_HOME
  0C:0008    l_REG_BANK_0
  0C:0008    s_GSINIT0
  0C:0008    s_OSEG
  0C:0008    s_REG_BANK_1
  0C:000A    l_GSINIT2
  0C:000B    s_GSINIT1
  0C:000B    s_GSINIT2
  0C:0010    s_REG_BANK_2
  0C:0015    s_GSINIT3
  0C:0018    s_BIT_BANK
  0C:0018    s_REG_BANK_3
  0C:0020    s_BSEG_BYTES
  0C:0020    s__CODE
  0C:0022    l_GSINIT3
  0C:002A    l_GSINIT4
  0C:0037    s_GSINIT4
  0C:004D    s_RSEG
  0C:004D    s_SSEG
  0C:0061    s_GSINIT
  0C:0061    s_GSINIT5
  0C:006C    l_DSEG
  0C:0080    l_XABS0
  0C:0080    l_XABS1
  0C:0080    l_XABS2
  0C:0080    l_XABS3
  0C:0080    l_XABS4
  0C:0080    l_XABS5
  0C:0080    l_XABS6
  0C:0080    l_XABS7
  0C:0080    l_XABS8
  0C:0080    l_XABS9
  0C:0080    l_XABSa
  0C:00B3    l_SSEG
  0C:0100    l_IRAM
  0C:0727    l_CSEG
  0C:1BD9    l_GSINIT
  0C:1C3A    s_GSFINAL
  0C:1C3D    s_CSEG
  0C:2364    s_CONST
  0C:2364    s_XINIT

Hexadecimal

Area                               Addr   Size   Decimal Bytes (Attributes)
--------------------------------   ----   ----   ------- ----- ------------
XABSa                              0000   0080 =    128. bytes (ABS,CON,XDATA)

      Value  Global
   --------  --------------------------------
  0D:4A00    _garnerConstant

Hexadecimal

Area                               Addr   Size   Decimal Bytes (Attributes)
--------------------------------   ----   ----   ------- ----- ------------
XABS9                              0000   0080 =    128. bytes (ABS,CON,XDATA)

      Value  Global
   --------  --------------------------------
  0D:4900    _privateKey_Q

Hexadecimal

Area                               Addr   Size   Decimal Bytes (Attributes)
--------------------------------   ----   ----   ------- ----- ------------
XABS8                              0000   0080 =    128. bytes (ABS,CON,XDATA)

      Value  Global
   --------  --------------------------------
  0D:4800    _privateKey_P

Hexadecimal

Area                               Addr   Size   Decimal Bytes (Attributes)
--------------------------------   ----   ----   ------- ----- ------------
XABS7                              0000   0080 =    128. bytes (ABS,CON,XDATA)

      Value  Global
   --------  --------------------------------
  0D:4700    _privateKey

Hexadecimal

Area                               Addr   Size   Decimal Bytes (Attributes)
--------------------------------   ----   ----   ------- ----- ------------
XABS6                              0000   0080 =    128. bytes (ABS,CON,XDATA)

      Value  Global
   --------  --------------------------------
  0D:4600    _publicKey

Hexadecimal

Area                               Addr   Size   Decimal Bytes (Attributes)
--------------------------------   ----   ----   ------- ----- ------------
XABS5                              0000   0080 =    128. bytes (ABS,CON,XDATA)

      Value  Global
   --------  --------------------------------
  0D:4500    _message

Hexadecimal

Area                               Addr   Size   Decimal Bytes (Attributes)
--------------------------------   ----   ----   ------- ----- ------------
XABS4                              0000   0080 =    128. bytes (ABS,CON,XDATA)

      Value  Global
   --------  --------------------------------
  0D:4400    _q

Hexadecimal

Area                               Addr   Size   Decimal Bytes (Attributes)
--------------------------------   ----   ----   ------- ----- ------------
XABS3                              0000   0080 =    128. bytes (ABS,CON,XDATA)

      Value  Global
   --------  --------------------------------
  0D:4300    _p

Hexadecimal

Area                               Addr   Size   Decimal Bytes (Attributes)
--------------------------------   ----   ----   ------- ----- ------------
XABS2                              0000   0080 =    128. bytes (ABS,CON,XDATA)

      Value  Global
   --------  --------------------------------
  0D:4200    _modulus

Hexadecimal

Area                               Addr   Size   Decimal Bytes (Attributes)
--------------------------------   ----   ----   ------- ----- ------------
XABS1                              0000   0080 =    128. bytes (ABS,CON,XDATA)

      Value  Global
   --------  --------------------------------
  0D:4100    _r2modm

Hexadecimal

Area                               Addr   Size   Decimal Bytes (Attributes)
--------------------------------   ----   ----   ------- ----- ------------
XABS0                              0000   0080 =    128. bytes (ABS,CON,XDATA)

      Value  Global
   --------  --------------------------------
  0D:4000    _rmodm



Hexadecimal

Area                               Addr   Size   Decimal Bytes (Attributes)
--------------------------------   ----   ----   ------- ----- ------------
.  .ABS.                           0000   0000 =      0. bytes (ABS,CON)

      Value  Global
   --------  --------------------------------
     0080    _P0
     0080    _P0_0
     0081    _P0_1
     0081    _SP
     0082    _DPL
     0082    _P0_2
     0083    _DPH
     0083    _P0_3
     0084    _P0_4
     0085    _P0_5
     0086    _P0_6
     0087    _P0_7
     0087    _PCON
     0088    _IT0
     0088    _TCON
     0089    _IE0
     0089    _TMOD
     008A    _IT1
     008A    _TL0
     008B    _IE1
     008B    _TL1
     008C    _TH0
     008C    _TR0
     008D    _TF0
     008D    _TH1
     008E    _TR1
     008F    _TF1
     0090    _P1
     0090    _P1_0
     0091    _P1_1
     0092    _P1_2
     0093    _P1_3
     0094    _P1_4
     0095    _P1_5
     0096    _P1_6
     0097    _P1_7
     0098    _RI
     0098    _SCON
     0099    _SBUF
     0099    _TI
     009A    _RB8
     009B    _TB8
     009C    _REN
     009D    _SM2
     009E    _SM1
     009F    _SM0
     00A0    _P2
     00A0    _P2_0
     00A0    __XPAGE
     00A1    _P2_1
     00A2    _P2_2
     00A3    _P2_3
     00A4    _P2_4
     00A5    _P2_5
     00A6    _P2_6
     00A7    _P2_7
     00A8    _EX0
     00A8    _IE
     00A9    _ET0
     00AA    _EX1
     00AB    _ET1
     00AC    _ES
     00AF    _EA
     00B0    _P3
     00B0    _P3_0
     00B0    _RXD
     00B1    _P3_1
     00B1    _TXD
     00B2    _INT0
     00B2    _P3_2
     00B3    _INT1
     00B3    _P3_3
     00B4    _P3_4
     00B4    _T0
     00B5    _P3_5
     00B5    _T1
     00B6    _P3_6
     00B6    _WR
     00B7    _P3_7
     00B7    _RD
     00B8    _IP
     00B8    _PX0
     00B9    _PT0
     00BA    _PX1
     00BB    _PT1
     00BC    _PS
     00D0    _P
     00D0    _PSW
     00D1    _F1
     00D2    _OV
     00D3    _RS0
     00D4    _RS1
     00D5    _F0
     00D6    _AC
     00D7    _CY
     00E0    _ACC
     00F0    _B
     00F5    _B_5
     00F6    _B_6
     00F7    _B_7
     2000    _sA
     2080    _sB
     2100    _sM
     3000    _sR
     5000    _encryptedMessage
     5100    _decryptedMessage







Hexadecimal

Area                               Addr   Size   Decimal Bits  (Attributes)
--------------------------------   ----   ----   ------- ----- ------------
BSEG                               0000   0005 =      5. bits  (REL,CON,BIT)

      Value  Global
   --------  --------------------------------
  0B:0000    _mpAdd_Single_PARM_3
  0B:0001    _mpSubtract_Single_PARM_3
  0B:0002    _montMultiply_Both_PARM_4
  0B:0003    _montMultiply_Single_PARM_3
  0B:0004    _montMultiply_Result_PARM_2


Hexadecimal

Area                               Addr   Size   Decimal Bytes (Attributes)
--------------------------------   ----   ----   ------- ----- ------------
DSEG                               0000   006C =    108. bytes (REL,CON)

      Value  Global
   --------  --------------------------------
     0021    _mpAdd_Single_PARM_2
     0027    _mpSubtract_Single_PARM_2
     002D    _montMultiply_Both_PARM_2
     0030    _montMultiply_Both_PARM_3
     0036    _montMultiply_Single_PARM_2
     003C    _montModExp_PARM_2
     003F    _montModExp_PARM_3
     0047    _crtModExp_PARM_2
     004A    _crtModExp_PARM_3

Hexadecimal

Area                               Addr   Size   Decimal Bytes (Attributes)
--------------------------------   ----   ----   ------- ----- ------------
OSEG                               0008   0004 =      4. bytes (REL,OVR)

      Value  Global
   --------  --------------------------------
     0008    __findFirstOne_e_1_1
     0008    __gptrput_PARM_2
     000B    __findFirstOne_i_1_1


Hexadecimal

Area                               Addr   Size   Decimal Bytes (Attributes)
--------------------------------   ----   ----   ------- ----- ------------
SSEG                               004D   00B3 =    179. bytes (REL,OVR)

      Value  Global
   --------  --------------------------------
     004D    __start__stack





Hexadecimal

Area                               Addr   Size   Decimal Bytes (Attributes)
--------------------------------   ----   ----   ------- ----- ------------
HOME                               0000   0008 =      8. bytes (REL,CON,CODE)

      Value  Global
   --------  --------------------------------
  0C:0003    __sdcc_program_startup

Hexadecimal

Area                               Addr   Size   Decimal Bytes (Attributes)
--------------------------------   ----   ----   ------- ----- ------------
GSINIT0                            0008   0003 =      3. bytes (REL,CON,CODE)

      Value  Global
   --------  --------------------------------
  0C:0008    __sdcc_gsinit_startup



Hexadecimal

Area                               Addr   Size   Decimal Bytes (Attributes)
--------------------------------   ----   ----   ------- ----- ------------
GSINIT3                            0015   0022 =     34. bytes (REL,CON,CODE)

      Value  Global
   --------  --------------------------------
  0C:0015    __mcs51_genXINIT

Hexadecimal

Area                               Addr   Size   Decimal Bytes (Attributes)
--------------------------------   ----   ----   ------- ----- ------------
GSINIT4                            0037   002A =     42. bytes (REL,CON,CODE)

      Value  Global
   --------  --------------------------------
  0C:0037    __mcs51_genRAMCLEAR
  0C:003D    __mcs51_genXRAMCLEAR




Hexadecimal

Area                               Addr   Size   Decimal Bytes (Attributes)
--------------------------------   ----   ----   ------- ----- ------------
CSEG                               1C3D   0727 =   1831. bytes (REL,CON,CODE)

      Value  Global
   --------  --------------------------------
  0C:1C3D    _main
  0C:1C7C    _mpAdd_Single
  0C:1CEC    _mpSubtract_Single
  0C:1D5C    _montMultiply_Both
  0C:1DF7    _montMultiply_Single
  0C:1E67    _montMultiply_Result
  0C:1EC1    _montModExp
  0C:2091    _crtModExp
  0C:21C6    __findFirstOne
  0C:2275    __displayCycles
  0C:227C    __displayResult
  0C:2283    __mul1_writeModulus
  0C:2294    __mul1_writeBoth
  0C:22A5    __mul1_writeSingle
  0C:22B6    __mul1_writeReg
  0C:22BD    __mul1_readResult
  0C:22CE    __mul1_writeResult
  0C:22DF    __mul1_montgomery
  0C:22E6    __adder_writeBoth
  0C:22F7    __adder_writeSingle
  0C:2308    __adder_readResult
  0C:2319    __adder_add
  0C:2320    __adder_subtract
  0C:2327    __terminate
  0C:232B    __gptrput
  0C:2344    __gptrget
  0C:2360    __sdcc_external_startup


ASxxxx Linker V01.75 + NoICE + SDCC Feb 1999,  page 1.

Files Linked      [ module(s) ]

main.rel        

Libraries Linked            [   object  file   ]

/usr/share/sdcc/lib/small/mcs51.lib    [     crtclear.rel ]
/usr/share/sdcc/lib/small/mcs51.lib    [     crtxinit.rel ]
/usr/share/sdcc/lib/small/libsdcc.lib    [     _gptrput.rel ]
/usr/share/sdcc/lib/small/mcs51.lib    [    crtxclear.rel ]
/usr/share/sdcc/lib/small/mcs51.lib    [   crtpagesfr.rel ]
/usr/share/sdcc/lib/small/mcs51.lib    [     crtstart.rel ]
/usr/share/sdcc/lib/small/libsdcc.lib    [     _gptrget.rel ]
/usr/share/sdcc/lib/small/libsdcc.lib    [     _startup.rel ]

ASxxxx Linker V01.75 + NoICE + SDCC Feb 1999,  page 2.

User Base Address Definitions

HOME = 0x0000
ISEG = 0x0000
BSEG = 0x0000

