EN montgomery_sys NULL "//samba-student/s0210425/Documents/Design of Digital Platforms/DigitalPlatforms/RSA/Hardware/montgomery_sys.vhd" sub00/vhpl22 1355390708
AR montgomery_sys rtl "//samba-student/s0210425/Documents/Design of Digital Platforms/DigitalPlatforms/RSA/Hardware/montgomery_sys.vhd" sub00/vhpl23 1355390709
AR my_result rtl "//samba-student/s0210425/Documents/Design of Digital Platforms/DigitalPlatforms/RSA/Hardware/my_result.vhd" sub00/vhpl21 1355390707
EN defaults NULL "//samba-student/s0210425/Documents/Design of Digital Platforms/DigitalPlatforms/RSA/Hardware/defaults.vhd" sub00/vhpl10 1355390696
EN my_data NULL "//samba-student/s0210425/Documents/Design of Digital Platforms/DigitalPlatforms/RSA/Hardware/my_data.vhd" sub00/vhpl18 1355390704
EN montgomery_dp NULL "//samba-student/s0210425/Documents/Design of Digital Platforms/DigitalPlatforms/RSA/Hardware/montgomery_dp.vhd" sub00/vhpl04 1355390690
AR defaults rtl "//samba-student/s0210425/Documents/Design of Digital Platforms/DigitalPlatforms/RSA/Hardware/defaults.vhd" sub00/vhpl11 1355390697
EN adder_dp NULL "//samba-student/s0210425/Documents/Design of Digital Platforms/DigitalPlatforms/RSA/Hardware/adder_dp.vhd" sub00/vhpl02 1355390688
AR exp_dp rtl "//samba-student/s0210425/Documents/Design of Digital Platforms/DigitalPlatforms/RSA/Hardware/exp_dp.vhd" sub00/vhpl07 1355390693
AR adder_dp rtl "//samba-student/s0210425/Documents/Design of Digital Platforms/DigitalPlatforms/RSA/Hardware/adder_dp.vhd" sub00/vhpl03 1355390689
AR my8051 rtl "//samba-student/s0210425/Documents/Design of Digital Platforms/DigitalPlatforms/RSA/Hardware/my8051.vhd" sub00/vhpl13 1355390699
PH std_logic_arithext NULL "//samba-student/s0210425/Documents/Design of Digital Platforms/DigitalPlatforms/RSA/Hardware/std_logic_arithext.vhd" sub00/vhpl00 1355390686
PB std_logic_arithext std_logic_arithext "//samba-student/s0210425/Documents/Design of Digital Platforms/DigitalPlatforms/RSA/Hardware/std_logic_arithext.vhd" sub00/vhpl01 1355390687
EN my8051_sync NULL "//samba-student/s0210425/Documents/Design of Digital Platforms/DigitalPlatforms/RSA/Hardware/my8051_sync.vhd" sub00/vhpl16 1355390702
EN decoder_dp NULL "//samba-student/s0210425/Documents/Design of Digital Platforms/DigitalPlatforms/RSA/Hardware/decoder_dp.vhd" sub00/vhpl08 1355390694
AR decoder_dp rtl "//samba-student/s0210425/Documents/Design of Digital Platforms/DigitalPlatforms/RSA/Hardware/decoder_dp.vhd" sub00/vhpl09 1355390695
AR my_data rtl "//samba-student/s0210425/Documents/Design of Digital Platforms/DigitalPlatforms/RSA/Hardware/my_data.vhd" sub00/vhpl19 1355390705
AR montgomery_dp rtl "//samba-student/s0210425/Documents/Design of Digital Platforms/DigitalPlatforms/RSA/Hardware/montgomery_dp.vhd" sub00/vhpl05 1355390691
EN my8051_instruction NULL "//samba-student/s0210425/Documents/Design of Digital Platforms/DigitalPlatforms/RSA/Hardware/my8051_instruction.vhd" sub00/vhpl14 1355390700
AR my8051_instruction rtl "//samba-student/s0210425/Documents/Design of Digital Platforms/DigitalPlatforms/RSA/Hardware/my8051_instruction.vhd" sub00/vhpl15 1355390701
EN my8051 NULL "//samba-student/s0210425/Documents/Design of Digital Platforms/DigitalPlatforms/RSA/Hardware/my8051.vhd" sub00/vhpl12 1355390698
AR my8051_sync rtl "//samba-student/s0210425/Documents/Design of Digital Platforms/DigitalPlatforms/RSA/Hardware/my8051_sync.vhd" sub00/vhpl17 1355390703
EN exp_dp NULL "//samba-student/s0210425/Documents/Design of Digital Platforms/DigitalPlatforms/RSA/Hardware/exp_dp.vhd" sub00/vhpl06 1355390692
EN my_result NULL "//samba-student/s0210425/Documents/Design of Digital Platforms/DigitalPlatforms/RSA/Hardware/my_result.vhd" sub00/vhpl20 1355390706
