V3 46
FL "//samba-student/s0210425/Documents/Design of Digital Platforms/DigitalPlatforms/RSA/Hardware/adder_dp.vhd" 2012/12/12.22:19:57 O.61xd
EN work/adder_dp 1355390688 \
      FL "//samba-student/s0210425/Documents/Design of Digital Platforms/DigitalPlatforms/RSA/Hardware/adder_dp.vhd" \
      PB ieee/std_logic_1164 1308643377 PB ieee/NUMERIC_STD 1308643378 \
      PB work/std_logic_arithext 1355390687
AR work/adder_dp/RTL 1355390689 \
      FL "//samba-student/s0210425/Documents/Design of Digital Platforms/DigitalPlatforms/RSA/Hardware/adder_dp.vhd" \
      EN work/adder_dp 1355390688
FL "//samba-student/s0210425/Documents/Design of Digital Platforms/DigitalPlatforms/RSA/Hardware/decoder_dp.vhd" 2012/12/12.22:19:57 O.61xd
EN work/decoder_dp 1355390694 \
      FL "//samba-student/s0210425/Documents/Design of Digital Platforms/DigitalPlatforms/RSA/Hardware/decoder_dp.vhd" \
      PB ieee/std_logic_1164 1308643377 PB ieee/NUMERIC_STD 1308643378 \
      PB work/std_logic_arithext 1355390687
AR work/decoder_dp/RTL 1355390695 \
      FL "//samba-student/s0210425/Documents/Design of Digital Platforms/DigitalPlatforms/RSA/Hardware/decoder_dp.vhd" \
      EN work/decoder_dp 1355390694 CP exp_dp
FL "//samba-student/s0210425/Documents/Design of Digital Platforms/DigitalPlatforms/RSA/Hardware/defaults.vhd" 2012/12/12.22:19:57 O.61xd
EN work/defaults 1355390696 \
      FL "//samba-student/s0210425/Documents/Design of Digital Platforms/DigitalPlatforms/RSA/Hardware/defaults.vhd" \
      PB ieee/std_logic_1164 1308643377 PB ieee/NUMERIC_STD 1308643378 \
      PB work/std_logic_arithext 1355390687
AR work/defaults/RTL 1355390697 \
      FL "//samba-student/s0210425/Documents/Design of Digital Platforms/DigitalPlatforms/RSA/Hardware/defaults.vhd" \
      EN work/defaults 1355390696
FL "//samba-student/s0210425/Documents/Design of Digital Platforms/DigitalPlatforms/RSA/Hardware/exp_dp.vhd" 2012/12/12.22:19:57 O.61xd
EN work/exp_dp 1355390692 \
      FL "//samba-student/s0210425/Documents/Design of Digital Platforms/DigitalPlatforms/RSA/Hardware/exp_dp.vhd" \
      PB ieee/std_logic_1164 1308643377 PB ieee/NUMERIC_STD 1308643378 \
      PB work/std_logic_arithext 1355390687
AR work/exp_dp/RTL 1355390693 \
      FL "//samba-student/s0210425/Documents/Design of Digital Platforms/DigitalPlatforms/RSA/Hardware/exp_dp.vhd" \
      EN work/exp_dp 1355390692 CP montgomery_dp
FL "//samba-student/s0210425/Documents/Design of Digital Platforms/DigitalPlatforms/RSA/Hardware/montgomery_dp.vhd" 2012/12/12.22:19:57 O.61xd
EN work/montgomery_dp 1355390690 \
      FL "//samba-student/s0210425/Documents/Design of Digital Platforms/DigitalPlatforms/RSA/Hardware/montgomery_dp.vhd" \
      PB ieee/std_logic_1164 1308643377 PB ieee/NUMERIC_STD 1308643378 \
      PB work/std_logic_arithext 1355390687
AR work/montgomery_dp/RTL 1355390691 \
      FL "//samba-student/s0210425/Documents/Design of Digital Platforms/DigitalPlatforms/RSA/Hardware/montgomery_dp.vhd" \
      EN work/montgomery_dp 1355390690 CP adder_dp
FL "//samba-student/s0210425/Documents/Design of Digital Platforms/DigitalPlatforms/RSA/Hardware/montgomery_sys.vhd" 2012/12/12.22:19:57 O.61xd
EN work/montgomery_sys 1355390708 \
      FL "//samba-student/s0210425/Documents/Design of Digital Platforms/DigitalPlatforms/RSA/Hardware/montgomery_sys.vhd" \
      PB ieee/std_logic_1164 1308643377 PB ieee/NUMERIC_STD 1308643378 \
      PB work/std_logic_arithext 1355390687
AR work/montgomery_sys/RTL 1355390709 \
      FL "//samba-student/s0210425/Documents/Design of Digital Platforms/DigitalPlatforms/RSA/Hardware/montgomery_sys.vhd" \
      EN work/montgomery_sys 1355390708 CP decoder_dp CP defaults CP my8051 \
      CP my8051_instruction CP my8051_sync CP my_data CP my_result
FL "//samba-student/s0210425/Documents/Design of Digital Platforms/DigitalPlatforms/RSA/Hardware/my8051.vhd" 2012/12/12.22:19:57 O.61xd
EN work/my8051 1355390698 \
      FL "//samba-student/s0210425/Documents/Design of Digital Platforms/DigitalPlatforms/RSA/Hardware/my8051.vhd" \
      PB ieee/std_logic_1164 1308643377 PB ieee/NUMERIC_STD 1308643378 \
      PB work/std_logic_arithext 1355390687
AR work/my8051/RTL 1355390699 \
      FL "//samba-student/s0210425/Documents/Design of Digital Platforms/DigitalPlatforms/RSA/Hardware/my8051.vhd" \
      EN work/my8051 1355390698
FL "//samba-student/s0210425/Documents/Design of Digital Platforms/DigitalPlatforms/RSA/Hardware/my8051_instruction.vhd" 2012/12/12.22:19:57 O.61xd
EN work/my8051_instruction 1355390700 \
      FL "//samba-student/s0210425/Documents/Design of Digital Platforms/DigitalPlatforms/RSA/Hardware/my8051_instruction.vhd" \
      PB ieee/std_logic_1164 1308643377 PB ieee/NUMERIC_STD 1308643378 \
      PB work/std_logic_arithext 1355390687
AR work/my8051_instruction/RTL 1355390701 \
      FL "//samba-student/s0210425/Documents/Design of Digital Platforms/DigitalPlatforms/RSA/Hardware/my8051_instruction.vhd" \
      EN work/my8051_instruction 1355390700
FL "//samba-student/s0210425/Documents/Design of Digital Platforms/DigitalPlatforms/RSA/Hardware/my8051_sync.vhd" 2012/12/12.22:19:57 O.61xd
EN work/my8051_sync 1355390702 \
      FL "//samba-student/s0210425/Documents/Design of Digital Platforms/DigitalPlatforms/RSA/Hardware/my8051_sync.vhd" \
      PB ieee/std_logic_1164 1308643377 PB ieee/NUMERIC_STD 1308643378 \
      PB work/std_logic_arithext 1355390687
AR work/my8051_sync/RTL 1355390703 \
      FL "//samba-student/s0210425/Documents/Design of Digital Platforms/DigitalPlatforms/RSA/Hardware/my8051_sync.vhd" \
      EN work/my8051_sync 1355390702
FL "//samba-student/s0210425/Documents/Design of Digital Platforms/DigitalPlatforms/RSA/Hardware/my_data.vhd" 2012/12/12.22:19:57 O.61xd
EN work/my_data 1355390704 \
      FL "//samba-student/s0210425/Documents/Design of Digital Platforms/DigitalPlatforms/RSA/Hardware/my_data.vhd" \
      PB ieee/std_logic_1164 1308643377 PB ieee/NUMERIC_STD 1308643378 \
      PB work/std_logic_arithext 1355390687
AR work/my_data/RTL 1355390705 \
      FL "//samba-student/s0210425/Documents/Design of Digital Platforms/DigitalPlatforms/RSA/Hardware/my_data.vhd" \
      EN work/my_data 1355390704
FL "//samba-student/s0210425/Documents/Design of Digital Platforms/DigitalPlatforms/RSA/Hardware/my_result.vhd" 2012/12/12.22:19:57 O.61xd
EN work/my_result 1355390706 \
      FL "//samba-student/s0210425/Documents/Design of Digital Platforms/DigitalPlatforms/RSA/Hardware/my_result.vhd" \
      PB ieee/std_logic_1164 1308643377 PB ieee/NUMERIC_STD 1308643378 \
      PB work/std_logic_arithext 1355390687
AR work/my_result/RTL 1355390707 \
      FL "//samba-student/s0210425/Documents/Design of Digital Platforms/DigitalPlatforms/RSA/Hardware/my_result.vhd" \
      EN work/my_result 1355390706
FL "//samba-student/s0210425/Documents/Design of Digital Platforms/DigitalPlatforms/RSA/Hardware/std_logic_arithext.vhd" 2012/12/12.22:19:57 O.61xd
PH work/std_logic_arithext 1355390686 \
      FL "//samba-student/s0210425/Documents/Design of Digital Platforms/DigitalPlatforms/RSA/Hardware/std_logic_arithext.vhd" \
      PB ieee/std_logic_1164 1308643377
PB work/std_logic_arithext 1355390687 \
      FL "//samba-student/s0210425/Documents/Design of Digital Platforms/DigitalPlatforms/RSA/Hardware/std_logic_arithext.vhd" \
      PH work/std_logic_arithext 1355390686 PB ieee/std_logic_1164 1308643377
